
KING@DESKTOP-NUI7CJQ MINGW64 ~/Desktop/Github
$ git init
Initialized empty Git repository in C:/Users/KING/Desktop/Github/.git/

KING@DESKTOP-NUI7CJQ MINGW64 ~/Desktop/Github (master)
$ ls -lart
total 8
drwxr-xr-x 1 KING 197121 0 Apr 28 13:11 ../
drwxr-xr-x 1 KING 197121 0 Apr 28 13:12 ./
drwxr-xr-x 1 KING 197121 0 Apr 28 13:12 .git/

KING@DESKTOP-NUI7CJQ MINGW64 ~/Desktop/Github (master)
$ vim index.html

KING@DESKTOP-NUI7CJQ MINGW64 ~/Desktop/Github (master)
$ git status
On branch master

No commits yet

Untracked files:
  (use "git add <file>..." to include in what will be committed)
        index.html

nothing added to commit but untracked files present (use "git add" to track)

KING@DESKTOP-NUI7CJQ MINGW64 ~/Desktop/Github (master)
$ git add index.html
warning: LF will be replaced by CRLF in index.html.
The file will have its original line endings in your working directory

KING@DESKTOP-NUI7CJQ MINGW64 ~/Desktop/Github (master)
$ git status
On branch master

No commits yet

Changes to be committed:
  (use "git rm --cached <file>..." to unstage)
        new file:   index.html


KING@DESKTOP-NUI7CJQ MINGW64 ~/Desktop/Github (master)
$ git commit
[master (root-commit) 9d6884a] Fisrt commit
 1 file changed, 7 insertions(+)
 create mode 100644 index.html

KING@DESKTOP-NUI7CJQ MINGW64 ~/Desktop/Github (master)
$ git status
On branch master
nothing to commit, working tree clean

KING@DESKTOP-NUI7CJQ MINGW64 ~/Desktop/Github (master)
$ touch page1.html

KING@DESKTOP-NUI7CJQ MINGW64 ~/Desktop/Github (master)
$ touch page2.html

KING@DESKTOP-NUI7CJQ MINGW64 ~/Desktop/Github (master)
$ touch page3.html

KING@DESKTOP-NUI7CJQ MINGW64 ~/Desktop/Github (master)
$ git status
On branch master
Untracked files:
  (use "git add <file>..." to include in what will be committed)
        page1.html
        page2.html
        page3.html

nothing added to commit but untracked files present (use "git add" to track)

KING@DESKTOP-NUI7CJQ MINGW64 ~/Desktop/Github (master)
$ git add -A

KING@DESKTOP-NUI7CJQ MINGW64 ~/Desktop/Github (master)
$ git status
On branch master
Changes to be committed:
  (use "git restore --staged <file>..." to unstage)
        new file:   page1.html
        new file:   page2.html
        new file:   page3.html


KING@DESKTOP-NUI7CJQ MINGW64 ~/Desktop/Github (master)
$ vim page1.html

KING@DESKTOP-NUI7CJQ MINGW64 ~/Desktop/Github (master)
$ git status
On branch master
Changes to be committed:
  (use "git restore --staged <file>..." to unstage)
        new file:   page1.html
        new file:   page2.html
        new file:   page3.html

Changes not staged for commit:
  (use "git add <file>..." to update what will be committed)
  (use "git restore <file>..." to discard changes in working directory)
        modified:   page1.html


KING@DESKTOP-NUI7CJQ MINGW64 ~/Desktop/Github (master)
$ git add -A
warning: LF will be replaced by CRLF in page1.html.
The file will have its original line endings in your working directory

KING@DESKTOP-NUI7CJQ MINGW64 ~/Desktop/Github (master)
$ git status
On branch master
Changes to be committed:
  (use "git restore --staged <file>..." to unstage)
        new file:   page1.html
        new file:   page2.html
        new file:   page3.html


KING@DESKTOP-NUI7CJQ MINGW64 ~/Desktop/Github (master)
$ git commit -m "Add more html file"
[master d47b0d8] Add more html file
 3 files changed, 6 insertions(+)
 create mode 100644 page1.html
 create mode 100644 page2.html
 create mode 100644 page3.html

KING@DESKTOP-NUI7CJQ MINGW64 ~/Desktop/Github (master)
$ git status
On branch master
nothing to commit, working tree clean

KING@DESKTOP-NUI7CJQ MINGW64 ~/Desktop/Github (master)
$ vim page1.html

KING@DESKTOP-NUI7CJQ MINGW64 ~/Desktop/Github (master)
$ git checkout page1.html
Updated 1 path from the index

KING@DESKTOP-NUI7CJQ MINGW64 ~/Desktop/Github (master)
$ vim page1.html

KING@DESKTOP-NUI7CJQ MINGW64 ~/Desktop/Github (master)
$ vim page2.html

KING@DESKTOP-NUI7CJQ MINGW64 ~/Desktop/Github (master)
$ vim page3.html

KING@DESKTOP-NUI7CJQ MINGW64 ~/Desktop/Github (master)
$ git status
On branch master
Changes not staged for commit:
  (use "git add <file>..." to update what will be committed)
  (use "git restore <file>..." to discard changes in working directory)
        modified:   page2.html
        modified:   page3.html

no changes added to commit (use "git add" and/or "git commit -a")

KING@DESKTOP-NUI7CJQ MINGW64 ~/Desktop/Github (master)
$ git checkout -f

KING@DESKTOP-NUI7CJQ MINGW64 ~/Desktop/Github (master)
$ vim page3.html

KING@DESKTOP-NUI7CJQ MINGW64 ~/Desktop/Github (master)
$ git status
On branch master
nothing to commit, working tree clean

KING@DESKTOP-NUI7CJQ MINGW64 ~/Desktop/Github (master)
$ git log
commit d47b0d834f5b9d6ddb2731234de508222fa6a097 (HEAD -> master)
Author: avishkarpansare <avishkarpansare88@gmail.com>
Date:   Wed Apr 28 13:24:01 2021 +0530

    Add more html file

commit 9d6884a33863d66af93681329f70c36d693ea2ce
Author: avishkarpansare <avishkarpansare88@gmail.com>
Date:   Wed Apr 28 13:18:58 2021 +0530

    Fisrt commit

KING@DESKTOP-NUI7CJQ MINGW64 ~/Desktop/Github (master)
$ git log -1
commit d47b0d834f5b9d6ddb2731234de508222fa6a097 (HEAD -> master)
Author: avishkarpansare <avishkarpansare88@gmail.com>
Date:   Wed Apr 28 13:24:01 2021 +0530

    Add more html file

KING@DESKTOP-NUI7CJQ MINGW64 ~/Desktop/Github (master)
$ git log -p -1
commit d47b0d834f5b9d6ddb2731234de508222fa6a097 (HEAD -> master)
Author: avishkarpansare <avishkarpansare88@gmail.com>
Date:   Wed Apr 28 13:24:01 2021 +0530

    Add more html file

diff --git a/page1.html b/page1.html
new file mode 100644
index 0000000..20df1e0
--- /dev/null
+++ b/page1.html
@@ -0,0 +1,6 @@
+<html>
+       <body>
+               <h2>PAGE ONE </h2>
+       </body>
+</html>
+
diff --git a/page2.html b/page2.html
new file mode 100644
index 0000000..e69de29
diff --git a/page3.html b/page3.html
new file mode 100644
:...skipping...
commit d47b0d834f5b9d6ddb2731234de508222fa6a097 (HEAD -> master)
Author: avishkarpansare <avishkarpansare88@gmail.com>
Date:   Wed Apr 28 13:24:01 2021 +0530

    Add more html file

diff --git a/page1.html b/page1.html
new file mode 100644
index 0000000..20df1e0
--- /dev/null
+++ b/page1.html
@@ -0,0 +1,6 @@
+<html>
+       <body>
+               <h2>PAGE ONE </h2>
+       </body>
+</html>
+
diff --git a/page2.html b/page2.html
new file mode 100644
index 0000000..e69de29
diff --git a/page3.html b/page3.html
new file mode 100644
index 0000000..e69de29
~
~
~
~
~
~
~
~
~
~
~
~
~
~
~
~
~
~
~
~
~
~
~
~
~
~
~
~
~
~
~
~
~
~
~
~

KING@DESKTOP-NUI7CJQ MINGW64 ~/Desktop/Github (master)
$ git sta
stage    stash    status

KING@DESKTOP-NUI7CJQ MINGW64 ~/Desktop/Github (master)
$ git sta
stage    stash    status

KING@DESKTOP-NUI7CJQ MINGW64 ~/Desktop/Github (master)
$ git status
On branch master
nothing to commit, working tree clean

KING@DESKTOP-NUI7CJQ MINGW64 ~/Desktop/Github (master)
$ git diff

KING@DESKTOP-NUI7CJQ MINGW64 ~/Desktop/Github (master)
$ vim page1.html

KING@DESKTOP-NUI7CJQ MINGW64 ~/Desktop/Github (master)
$ git diff
diff --git a/page1.html b/page1.html
index 20df1e0..a3d79b9 100644
--- a/page1.html
+++ b/page1.html
@@ -1,6 +1,6 @@
 <html>
        <body>
-               <h2>PAGE ONE </h2>
+               <h2>PAGE 1 </h2>
        </body>
 </html>


KING@DESKTOP-NUI7CJQ MINGW64 ~/Desktop/Github (master)
$ git add -A
]
KING@DESKTOP-NUI7CJQ MINGW64 ~/Desktop/Github (master)
$ git diff

KING@DESKTOP-NUI7CJQ MINGW64 ~/Desktop/Github (master)
$ git status
On branch master
Changes to be committed:
  (use "git restore --staged <file>..." to unstage)
        modified:   page1.html


KING@DESKTOP-NUI7CJQ MINGW64 ~/Desktop/Github (master)
$ git  diff --staged
diff --git a/page1.html b/page1.html
index 20df1e0..a3d79b9 100644
--- a/page1.html
+++ b/page1.html
@@ -1,6 +1,6 @@
 <html>
        <body>
-               <h2>PAGE ONE </h2>
+               <h2>PAGE 1 </h2>
        </body>
 </html>


KING@DESKTOP-NUI7CJQ MINGW64 ~/Desktop/Github (master)
$ git status
On branch master
Changes to be committed:
  (use "git restore --staged <file>..." to unstage)
        modified:   page1.html


KING@DESKTOP-NUI7CJQ MINGW64 ~/Desktop/Github (master)
$ git checkout -f

KING@DESKTOP-NUI7CJQ MINGW64 ~/Desktop/Github (master)
$ git  diff --staged

KING@DESKTOP-NUI7CJQ MINGW64 ~/Desktop/Github (master)
$ git status
On branch master
nothing to commit, working tree clean

KING@DESKTOP-NUI7CJQ MINGW64 ~/Desktop/Github (master)
$ ls
index.html  page1.html  page2.html  page3.html

KING@DESKTOP-NUI7CJQ MINGW64 ~/Desktop/Github (master)
$ touch page44.html

KING@DESKTOP-NUI7CJQ MINGW64 ~/Desktop/Github (master)
$ git add -A

KING@DESKTOP-NUI7CJQ MINGW64 ~/Desktop/Github (master)
$ git  commit -a -m "Add file edit"
[master 48653b4] Add file edit
 1 file changed, 0 insertions(+), 0 deletions(-)
 create mode 100644 page44.html

KING@DESKTOP-NUI7CJQ MINGW64 ~/Desktop/Github (master)
$ ls
index.html  page1.html  page2.html  page3.html  page44.html

KING@DESKTOP-NUI7CJQ MINGW64 ~/Desktop/Github (master)
$ git rm --cached page44.html
rm 'page44.html'

KING@DESKTOP-NUI7CJQ MINGW64 ~/Desktop/Github (master)
$ git status
On branch master
Changes to be committed:
  (use "git restore --staged <file>..." to unstage)
        deleted:    page44.html

Untracked files:
  (use "git add <file>..." to include in what will be committed)
        page44.html


KING@DESKTOP-NUI7CJQ MINGW64 ~/Desktop/Github (master)
$ git  commit -a -m "Add file edit"
[master 1e8f4d8] Add file edit
 1 file changed, 0 insertions(+), 0 deletions(-)
 delete mode 100644 page44.html

KING@DESKTOP-NUI7CJQ MINGW64 ~/Desktop/Github (master)
$ git status
On branch master
Untracked files:
  (use "git add <file>..." to include in what will be committed)
        page44.html

nothing added to commit but untracked files present (use "git add" to track)

KING@DESKTOP-NUI7CJQ MINGW64 ~/Desktop/Github (master)
$ git add -A

KING@DESKTOP-NUI7CJQ MINGW64 ~/Desktop/Github (master)
$ git  commit -a -m "Add file edit"
[master 7e27091] Add file edit
 1 file changed, 0 insertions(+), 0 deletions(-)
 create mode 100644 page44.html

KING@DESKTOP-NUI7CJQ MINGW64 ~/Desktop/Github (master)
$ git rm  page44.html
rm 'page44.html'

KING@DESKTOP-NUI7CJQ MINGW64 ~/Desktop/Github (master)
$ ls
index.html  page1.html  page2.html  page3.html

KING@DESKTOP-NUI7CJQ MINGW64 ~/Desktop/Github (master)
$ git status
On branch master
Changes to be committed:
  (use "git restore --staged <file>..." to unstage)
        deleted:    page44.html


KING@DESKTOP-NUI7CJQ MINGW64 ~/Desktop/Github (master)
$ git commit -a -m "remove the page44.html"
[master dc82557] remove the page44.html
 1 file changed, 0 insertions(+), 0 deletions(-)
 delete mode 100644 page44.html

KING@DESKTOP-NUI7CJQ MINGW64 ~/Desktop/Github (master)
$ git status
On branch master
nothing to commit, working tree clean

KING@DESKTOP-NUI7CJQ MINGW64 ~/Desktop/Github (master)
$ git log -p -3
commit dc8255754812daafc55440af14d421a8fb56fae1 (HEAD -> master)
Author: avishkarpansare <avishkarpansare88@gmail.com>
Date:   Wed Apr 28 13:42:21 2021 +0530

    remove the page44.html

diff --git a/page44.html b/page44.html
deleted file mode 100644
index e69de29..0000000

commit 7e27091c8cc5700db2a20ad5209159617f5d3d07
Author: avishkarpansare <avishkarpansare88@gmail.com>
Date:   Wed Apr 28 13:41:20 2021 +0530

    Add file edit

diff --git a/page44.html b/page44.html
new file mode 100644
index 0000000..e69de29

commit 1e8f4d8db2e9a455f12025eebb7744793a99fa71
Author: avishkarpansare <avishkarpansare88@gmail.com>

KING@DESKTOP-NUI7CJQ MINGW64 ~/Desktop/Github (master)
$ git status
On branch master
nothing to commit, working tree clean

KING@DESKTOP-NUI7CJQ MINGW64 ~/Desktop/Github (master)
$ vim page3.html

KING@DESKTOP-NUI7CJQ MINGW64 ~/Desktop/Github (master)
$ git status -s
 M page3.html

KING@DESKTOP-NUI7CJQ MINGW64 ~/Desktop/Github (master)
$ git add -A
warning: LF will be replaced by CRLF in page3.html.
The file will have its original line endings in your working directory

KING@DESKTOP-NUI7CJQ MINGW64 ~/Desktop/Github (master)
$ git status -s
M  page3.html

KING@DESKTOP-NUI7CJQ MINGW64 ~/Desktop/Github (master)
$ vim page3.html

KING@DESKTOP-NUI7CJQ MINGW64 ~/Desktop/Github (master)
$ git status -s
MM page3.html

KING@DESKTOP-NUI7CJQ MINGW64 ~/Desktop/Github (master)
$ git add page3.html
warning: LF will be replaced by CRLF in page3.html.
The file will have its original line endings in your working directory

KING@DESKTOP-NUI7CJQ MINGW64 ~/Desktop/Github (master)
$ git status -s
M  page3.html

KING@DESKTOP-NUI7CJQ MINGW64 ~/Desktop/Github (master)
$ touch .gitignore

KING@DESKTOP-NUI7CJQ MINGW64 ~/Desktop/Github (master)
$ code .

KING@DESKTOP-NUI7CJQ MINGW64 ~/Desktop/Github (master)
$ git status
On branch master
Changes to be committed:
  (use "git restore --staged <file>..." to unstage)
        modified:   page3.html

Untracked files:
  (use "git add <file>..." to include in what will be committed)
        .gitignore


KING@DESKTOP-NUI7CJQ MINGW64 ~/Desktop/Github (master)
$ git checkout page3.html
Updated 0 paths from the index

KING@DESKTOP-NUI7CJQ MINGW64 ~/Desktop/Github (master)
$ ls
index.html  page1.html  page2.html  page3.html

KING@DESKTOP-NUI7CJQ MINGW64 ~/Desktop/Github (master)
$ vim page3.html

KING@DESKTOP-NUI7CJQ MINGW64 ~/Desktop/Github (master)
$ git status
On branch master
Changes to be committed:
  (use "git restore --staged <file>..." to unstage)
        modified:   page3.html

Untracked files:
  (use "git add <file>..." to include in what will be committed)
        log/


KING@DESKTOP-NUI7CJQ MINGW64 ~/Desktop/Github (master)
$ git add -A

KING@DESKTOP-NUI7CJQ MINGW64 ~/Desktop/Github (master)
$ git status
On branch master
Changes to be committed:
  (use "git restore --staged <file>..." to unstage)
        new file:   log/.gitignore
        modified:   page3.html


KING@DESKTOP-NUI7CJQ MINGW64 ~/Desktop/Github (master)
$ ls
index.html  log/  page1.html  page2.html  page3.html

KING@DESKTOP-NUI7CJQ MINGW64 ~/Desktop/Github (master)
$ git status
On branch master
Changes to be committed:
  (use "git restore --staged <file>..." to unstage)
        new file:   log/.gitignore
        modified:   page3.html

Changes not staged for commit:
  (use "git add/rm <file>..." to update what will be committed)
  (use "git restore <file>..." to discard changes in working directory)
        deleted:    log/.gitignore

Untracked files:
  (use "git add <file>..." to include in what will be committed)
        logs/


KING@DESKTOP-NUI7CJQ MINGW64 ~/Desktop/Github (master)
$ git add -A

KING@DESKTOP-NUI7CJQ MINGW64 ~/Desktop/Github (master)
$ git status
On branch master
Changes to be committed:
  (use "git restore --staged <file>..." to unstage)
        new file:   logs/.gitignore
        modified:   page3.html


KING@DESKTOP-NUI7CJQ MINGW64 ~/Desktop/Github (master)
$ git status
On branch master
Changes to be committed:
  (use "git restore --staged <file>..." to unstage)
        new file:   logs/.gitignore
        modified:   page3.html

Changes not staged for commit:
  (use "git add <file>..." to update what will be committed)
  (use "git restore <file>..." to discard changes in working directory)
        modified:   logs/.gitignore

Untracked files:
  (use "git add <file>..." to include in what will be committed)
        .gitignore


KING@DESKTOP-NUI7CJQ MINGW64 ~/Desktop/Github (master)
$ git add -A

KING@DESKTOP-NUI7CJQ MINGW64 ~/Desktop/Github (master)
$ git status
On branch master
Changes to be committed:
  (use "git restore --staged <file>..." to unstage)
        new file:   .gitignore
        new file:   logs/.gitignore
        modified:   page3.html


KING@DESKTOP-NUI7CJQ MINGW64 ~/Desktop/Github (master)
$




KING@DESKTOP-NUI7CJQ MINGW64 ~/Desktop/Github (master)
$ git init
Reinitialized existing Git repository in C:/Users/KING/Desktop/Github/.git/

KING@DESKTOP-NUI7CJQ MINGW64 ~/Desktop/Github (master)
$ git log
commit dc8255754812daafc55440af14d421a8fb56fae1 (HEAD -> master)
Author: avishkarpansare <avishkarpansare88@gmail.com>
Date:   Wed Apr 28 13:42:21 2021 +0530

    remove the page44.html

commit 7e27091c8cc5700db2a20ad5209159617f5d3d07
Author: avishkarpansare <avishkarpansare88@gmail.com>
Date:   Wed Apr 28 13:41:20 2021 +0530

    Add file edit

commit 1e8f4d8db2e9a455f12025eebb7744793a99fa71
Author: avishkarpansare <avishkarpansare88@gmail.com>
Date:   Wed Apr 28 13:41:12 2021 +0530

    Add file edit

commit 48653b406a542eb90a5aee5520f6d91611c1a563
Author: avishkarpansare <avishkarpansare88@gmail.com>
Date:   Wed Apr 28 13:39:29 2021 +0530

    Add file edit

KING@DESKTOP-NUI7CJQ MINGW64 ~/Desktop/Github (master)
$ ls
index.html  logs/  page1.html  page2.html  page3.html

KING@DESKTOP-NUI7CJQ MINGW64 ~/Desktop/Github (master)
$ touch .gitignore

KING@DESKTOP-NUI7CJQ MINGW64 ~/Desktop/Github (master)
$ vim .gitinore

KING@DESKTOP-NUI7CJQ MINGW64 ~/Desktop/Github (master)
$ tuch mylogs.log
bash: tuch: command not found

KING@DESKTOP-NUI7CJQ MINGW64 ~/Desktop/Github (master)
$ touch mylogs.log

KING@DESKTOP-NUI7CJQ MINGW64 ~/Desktop/Github (master)
$ vim mylogs.log

KING@DESKTOP-NUI7CJQ MINGW64 ~/Desktop/Github (master)
$ git status
On branch master
Changes to be committed:
  (use "git restore --staged <file>..." to unstage)
        new file:   .gitignore
        new file:   logs/.gitignore
        modified:   page3.html


KING@DESKTOP-NUI7CJQ MINGW64 ~/Desktop/Github (master)
$ vim .gitinore

KING@DESKTOP-NUI7CJQ MINGW64 ~/Desktop/Github (master)
$ ls
index.html  logs/  mylogs.log  page1.html  page2.html  page3.html

KING@DESKTOP-NUI7CJQ MINGW64 ~/Desktop/Github (master)
$ vim .gitinore

KING@DESKTOP-NUI7CJQ MINGW64 ~/Desktop/Github (master)
$ vim .gitignore

KING@DESKTOP-NUI7CJQ MINGW64 ~/Desktop/Github (master)
$ vim pageofc.c

KING@DESKTOP-NUI7CJQ MINGW64 ~/Desktop/Github (master)
$ ls
index.html  logs/  mylogs.log  page1.html  page2.html  page3.html  pageofc.c

KING@DESKTOP-NUI7CJQ MINGW64 ~/Desktop/Github (master)
$ git status
On branch master
Changes to be committed:
  (use "git restore --staged <file>..." to unstage)
        new file:   .gitignore
        new file:   logs/.gitignore
        modified:   page3.html

Changes not staged for commit:
  (use "git add <file>..." to update what will be committed)
  (use "git restore <file>..." to discard changes in working directory)
        modified:   .gitignore


KING@DESKTOP-NUI7CJQ MINGW64 ~/Desktop/Github (master)
$ vim page2.html

KING@DESKTOP-NUI7CJQ MINGW64 ~/Desktop/Github (master)
$ ls
index.html  logs/  mylogs.log  page1.html  page2.html  page3.html  pageofc.c

KING@DESKTOP-NUI7CJQ MINGW64 ~/Desktop/Github (master)
$ git status
On branch master
Changes to be committed:
  (use "git restore --staged <file>..." to unstage)
        new file:   .gitignore
        new file:   logs/.gitignore
        modified:   page3.html

Changes not staged for commit:
  (use "git add <file>..." to update what will be committed)
  (use "git restore <file>..." to discard changes in working directory)
        modified:   .gitignore
        modified:   page2.html


KING@DESKTOP-NUI7CJQ MINGW64 ~/Desktop/Github (master)
$ git rm logs
fatal: not removing 'logs' recursively without -r

KING@DESKTOP-NUI7CJQ MINGW64 ~/Desktop/Github (master)
$ git -rm logs
unknown option: -rm
usage: git [--version] [--help] [-C <path>] [-c <name>=<value>]
           [--exec-path[=<path>]] [--html-path] [--man-path] [--info-path]
           [-p | --paginate | -P | --no-pager] [--no-replace-objects] [--bare]
           [--git-dir=<path>] [--work-tree=<path>] [--namespace=<name>]
           [--super-prefix=<path>] [--config-env=<name>=<envvar>]
           <command> [<args>]

KING@DESKTOP-NUI7CJQ MINGW64 ~/Desktop/Github (master)
$ git -r logs
unknown option: -r
usage: git [--version] [--help] [-C <path>] [-c <name>=<value>]
           [--exec-path[=<path>]] [--html-path] [--man-path] [--info-path]
           [-p | --paginate | -P | --no-pager] [--no-replace-objects] [--bare]
           [--git-dir=<path>] [--work-tree=<path>] [--namespace=<name>]
           [--super-prefix=<path>] [--config-env=<name>=<envvar>]
           <command> [<args>]

KING@DESKTOP-NUI7CJQ MINGW64 ~/Desktop/Github (master)
$ git add -A
warning: LF will be replaced by CRLF in .gitignore.
The file will have its original line endings in your working directory
warning: LF will be replaced by CRLF in page2.html.
The file will have its original line endings in your working directory

KING@DESKTOP-NUI7CJQ MINGW64 ~/Desktop/Github (master)
$ git status
On branch master
Changes to be committed:
  (use "git restore --staged <file>..." to unstage)
        new file:   .gitignore
        new file:   logs/.gitignore
        modified:   page2.html
        modified:   page3.html


KING@DESKTOP-NUI7CJQ MINGW64 ~/Desktop/Github (master)
$ git status
On branch master
Changes to be committed:
  (use "git restore --staged <file>..." to unstage)
        new file:   .gitignore
        new file:   logs/.gitignore
        modified:   page2.html
        modified:   page3.html


KING@DESKTOP-NUI7CJQ MINGW64 ~/Desktop/Github (master)
$ git commit -a -m "ignore the files"
[master 5307078] ignore the files
 4 files changed, 8 insertions(+)
 create mode 100644 .gitignore
 create mode 100644 logs/.gitignore

KING@DESKTOP-NUI7CJQ MINGW64 ~/Desktop/Github (master)
$ git status
On branch master
nothing to commit, working tree clean

KING@DESKTOP-NUI7CJQ MINGW64 ~/Desktop/Github (master)
$ git log
commit 5307078c05a48daf5fc776a9625afc997dc12a2c (HEAD -> master)
Author: avishkarpansare <avishkarpansare88@gmail.com>
Date:   Wed Apr 28 15:38:26 2021 +0530

    ignore the files

commit dc8255754812daafc55440af14d421a8fb56fae1
Author: avishkarpansare <avishkarpansare88@gmail.com>
Date:   Wed Apr 28 13:42:21 2021 +0530

    remove the page44.html

commit 7e27091c8cc5700db2a20ad5209159617f5d3d07
Author: avishkarpansare <avishkarpansare88@gmail.com>
Date:   Wed Apr 28 13:41:20 2021 +0530

    Add file edit

commit 1e8f4d8db2e9a455f12025eebb7744793a99fa71
Author: avishkarpansare <avishkarpansare88@gmail.com>
Date:   Wed Apr 28 13:41:12 2021 +0530

    Add file edit

commit 48653b406a542eb90a5aee5520f6d91611c1a563
Author: avishkarpansare <avishkarpansare88@gmail.com>
Date:   Wed Apr 28 13:39:29 2021 +0530

    Add file edit

commit d47b0d834f5b9d6ddb2731234de508222fa6a097

KING@DESKTOP-NUI7CJQ MINGW64 ~/Desktop/Github (master)
$ code .

KING@DESKTOP-NUI7CJQ MINGW64 ~/Desktop/Github (master)
$ git branch
* master

KING@DESKTOP-NUI7CJQ MINGW64 ~/Desktop/Github (master)
$ git branch newfeature

KING@DESKTOP-NUI7CJQ MINGW64 ~/Desktop/Github (master)
$ git branch
* master
  newfeature

KING@DESKTOP-NUI7CJQ MINGW64 ~/Desktop/Github (master)
$ git checkout newfeature
Switched to branch 'newfeature'

KING@DESKTOP-NUI7CJQ MINGW64 ~/Desktop/Github (newfeature)
$ git stutas
git: 'stutas' is not a git command. See 'git --help'.

The most similar command is
        status

KING@DESKTOP-NUI7CJQ MINGW64 ~/Desktop/Github (newfeature)
$ git status
On branch newfeature
nothing to commit, working tree clean

KING@DESKTOP-NUI7CJQ MINGW64 ~/Desktop/Github (newfeature)
$ ls
index.html  logs/  mylogs.log  page1.html  page2.html  page3.html  pageofc.c

KING@DESKTOP-NUI7CJQ MINGW64 ~/Desktop/Github (newfeature)
$ vim page2.html

KING@DESKTOP-NUI7CJQ MINGW64 ~/Desktop/Github (newfeature)
$ git status
On branch newfeature
Changes not staged for commit:
  (use "git add <file>..." to update what will be committed)
  (use "git restore <file>..." to discard changes in working directory)
        modified:   page2.html

no changes added to commit (use "git add" and/or "git commit -a")

KING@DESKTOP-NUI7CJQ MINGW64 ~/Desktop/Github (newfeature)
$ git add -A
warning: LF will be replaced by CRLF in page2.html.
The file will have its original line endings in your working directory

KING@DESKTOP-NUI7CJQ MINGW64 ~/Desktop/Github (newfeature)
$ git commit -m "new feacture addd"
[newfeature 2a3e303] new feacture addd
 1 file changed, 1 insertion(+), 1 deletion(-)

KING@DESKTOP-NUI7CJQ MINGW64 ~/Desktop/Github (newfeature)
$ git commit -m "new feacture addd"
On branch newfeature
nothing to commit, working tree clean

KING@DESKTOP-NUI7CJQ MINGW64 ~/Desktop/Github (newfeature)
$ git status
On branch newfeature
nothing to commit, working tree clean

KING@DESKTOP-NUI7CJQ MINGW64 ~/Desktop/Github (newfeature)
$ git status
On branch newfeature
nothing to commit, working tree clean

KING@DESKTOP-NUI7CJQ MINGW64 ~/Desktop/Github (newfeature)
$ git checkout master
Switched to branch 'master'

KING@DESKTOP-NUI7CJQ MINGW64 ~/Desktop/Github (master)
$ git status
On branch master
nothing to commit, working tree clean

KING@DESKTOP-NUI7CJQ MINGW64 ~/Desktop/Github (master)
$ git log -p -2
commit 5307078c05a48daf5fc776a9625afc997dc12a2c (HEAD -> master)
Author: avishkarpansare <avishkarpansare88@gmail.com>
Date:   Wed Apr 28 15:38:26 2021 +0530

    ignore the files

diff --git a/.gitignore b/.gitignore
new file mode 100644
index 0000000..fd53d4e
--- /dev/null
+++ b/.gitignore
@@ -0,0 +1,2 @@
+mylogs.log
+*.c
diff --git a/logs/.gitignore b/logs/.gitignore
new file mode 100644
index 0000000..e4a96ea
--- /dev/null
+++ b/logs/.gitignore
@@ -0,0 +1,3 @@
+mylogs.log
+dsdsds
+ascsa
diff --git a/page2.html b/page2.html
index e69de29..3e685f6 100644
--- a/page2.html
+++ b/page2.html
@@ -0,0 +1,2 @@
+ddfdff
+
diff --git a/page3.html b/page3.html

KING@DESKTOP-NUI7CJQ MINGW64 ~/Desktop/Github (master)
$ git merge newfeature
Updating 5307078..2a3e303
Fast-forward
 page2.html | 2 +-
 1 file changed, 1 insertion(+), 1 deletion(-)

KING@DESKTOP-NUI7CJQ MINGW64 ~/Desktop/Github (master)
$ git status
On branch master
nothing to commit, working tree clean

KING@DESKTOP-NUI7CJQ MINGW64 ~/Desktop/Github (master)
$ git log -p -2
commit 2a3e303b1a5c172337c786bcc3af1c965b9110b2 (HEAD -> master, newfeature)
Author: avishkarpansare <avishkarpansare88@gmail.com>
Date:   Wed Apr 28 15:48:10 2021 +0530

    new feacture addd

diff --git a/page2.html b/page2.html
index 3e685f6..e64d216 100644
--- a/page2.html
+++ b/page2.html
@@ -1,2 +1,2 @@
 ddfdff
-
+sfvbhfbhjvbdkbvk

commit 5307078c05a48daf5fc776a9625afc997dc12a2c
Author: avishkarpansare <avishkarpansare88@gmail.com>
Date:   Wed Apr 28 15:38:26 2021 +0530

    ignore the files

diff --git a/.gitignore b/.gitignore
new file mode 100644
index 0000000..fd53d4e
--- /dev/null
+++ b/.gitignore
@@ -0,0 +1,2 @@
+mylogs.log
+*.c
diff --git a/logs/.gitignore b/logs/.gitignore
new file mode 100644

KING@DESKTOP-NUI7CJQ MINGW64 ~/Desktop/Github (master)
$ git diff

KING@DESKTOP-NUI7CJQ MINGW64 ~/Desktop/Github (master)
$ git diff page2.html



KING@DESKTOP-NUI7CJQ MINGW64 ~/Desktop/Github (master)
$ git checkout -b flasknewbrach
Switched to a new branch 'flasknewbrach'

KING@DESKTOP-NUI7CJQ MINGW64 ~/Desktop/Github (flasknewbrach)
$ git brach
git: 'brach' is not a git command. See 'git --help'.

The most similar command is
        branch

KING@DESKTOP-NUI7CJQ MINGW64 ~/Desktop/Github (flasknewbrach)
$ ls
index.html  logs/  mylogs.log  page1.html  page2.html  page3.html  pageofc.c

KING@DESKTOP-NUI7CJQ MINGW64 ~/Desktop/Github (flasknewbrach)
$ ^C

KING@DESKTOP-NUI7CJQ MINGW64 ~/Desktop/Github (flasknewbrach)
$ git branch
git: 'branch' is not a git command. See 'git --help'.

KING@DESKTOP-NUI7CJQ MINGW64 ~/Desktop/Github (flasknewbrach)
$ git branch
* flasknewbrach
  master
  newfeature

KING@DESKTOP-NUI7CJQ MINGW64 ~/Desktop/Github (flasknewbrach)
$ git branch
* flasknewbrach
  master
  newfeature

KING@DESKTOP-NUI7CJQ MINGW64 ~/Desktop/Github (flasknewbrach)
git branch
* flasknewbrach
  master
  newfeature

KING@DESKTOP-NUI7CJQ MINGW64 ~/Desktop/Github (flasknewbrach)
$ git branch
git: 'branch' is not a git command. See 'git --help'.

KING@DESKTOP-NUI7CJQ MINGW64 ~/Desktop/Github (flasknewbrach)
$ gitbranch
* flasknewbrach
  master
  newfeature

KING@DESKTOP-NUI7CJQ MINGW64 ~/Desktop/Github (flasknewbrach)
$ gitbranch
* flasknewbrach
  master
  newfeature

KING@DESKTOP-NUI7CJQ MINGW64 ~/Desktop/Github (flasknewbrach)
$ git branch
git: 'branch' is not a git command. See 'git --help'.

KING@DESKTOP-NUI7CJQ MINGW64 ~/Desktop/Github (flasknewbrach)
$git branch
bash: it: command not found

KING@DESKTOP-NUI7CJQ MINGW64 ~/Desktop/Github (flasknewbrach)
$ git checkout master
Switched to branch 'master'

KING@DESKTOP-NUI7CJQ MINGW64 ~/Desktop/Github (master)
$ git branch
  flasknewbrach
* master
  newfeature

KING@DESKTOP-NUI7CJQ MINGW64 ~/Desktop/Github (master)
$ git log
commit 2a3e303b1a5c172337c786bcc3af1c965b9110b2 (HEAD -> master, newfeature, flasknewbrach)
Author: avishkarpansare <avishkarpansare88@gmail.com>
Date:   Wed Apr 28 15:48:10 2021 +0530

    new feacture addd

commit 5307078c05a48daf5fc776a9625afc997dc12a2c
Author: avishkarpansare <avishkarpansare88@gmail.com>
Date:   Wed Apr 28 15:38:26 2021 +0530

    ignore the files

commit dc8255754812daafc55440af14d421a8fb56fae1
Author: avishkarpansare <avishkarpansare88@gmail.com>
commit 2a3e303b1a5c172337c786bcc3af1c965b9110b2 (HEAD -> master, newfeature, flasknewbrach)
Author: avishkarpansare <avishkarpansare88@gmail.com>
Date:   Wed Apr 28 15:48:10 2021 +0530

    new feacture addd

commit 5307078c05a48daf5fc776a9625afc997dc12a2c
Author: avishkarpansare <avishkarpansare88@gmail.com>
Date:   Wed Apr 28 15:38:26 2021 +0530

    ignore the files

commit dc8255754812daafc55440af14d421a8fb56fae1
Author: avishkarpansare <avishkarpansare88@gmail.com>
Date:   Wed Apr 28 13:42:21 2021 +0530

    remove the page44.html

commit 7e27091c8cc5700db2a20ad5209159617f5d3d07
Author: avishkarpansare <avishkarpansare88@gmail.com>
Date:   Wed Apr 28 13:41:20 2021 +0530

    Add file edit

commit 1e8f4d8db2e9a455f12025eebb7744793a99fa71
Author: avishkarpansare <avishkarpansare88@gmail.com>
Date:   Wed Apr 28 13:41:12 2021 +0530

    Add file edit

commit 48653b406a542eb90a5aee5520f6d91611c1a563
Author: avishkarpansare <avishkarpansare88@gmail.com>
Date:   Wed Apr 28 13:39:29 2021 +0530

KING@DESKTOP-NUI7CJQ MINGW64 ~/Desktop/Github (master)
$ git remote add origin https://github.com/avishkarpansare/understand-github.git
bash: $'\302\226git': command not found

KING@DESKTOP-NUI7CJQ MINGW64 ~/Desktop/Github (master)
$ git remote add origin https://github.com/avishkarpansare/understand-github.git

KING@DESKTOP-NUI7CJQ MINGW64 ~/Desktop/Github (master)
$ git remote
origin

KING@DESKTOP-NUI7CJQ MINGW64 ~/Desktop/Github (master)
$ git remote -v
origin  https://github.com/avishkarpansare/understand-github.git (fetch)
origin  https://github.com/avishkarpansare/understand-github.git (push)

KING@DESKTOP-NUI7CJQ MINGW64 ~/Desktop/Github (master)
$ git push origin master
Enumerating objects: 22, done.
Counting objects: 100% (22/22), done.
Delta compression using up to 4 threads
Compressing objects: 100% (14/14), done.
Writing objects: 100% (22/22), 1.76 KiB | 112.00 KiB/s, done.
Total 22 (delta 5), reused 0 (delta 0), pack-reused 0
remote: Resolving deltas: 100% (5/5), done.
To https://github.com/avishkarpansare/understand-github.git
 * [new branch]      master -> master

KING@DESKTOP-NUI7CJQ MINGW64 ~/Desktop/Github (master)
$ git push origin  newfeature
Total 0 (delta 0), reused 0 (delta 0), pack-reused 0
remote:
remote: Create a pull request for 'newfeature' on GitHub by visiting:
remote:      https://github.com/avishkarpansare/understand-github/pull/new/newfeature
remote:
To https://github.com/avishkarpansare/understand-github.git
 * [new branch]      newfeature -> newfeature

KING@DESKTOP-NUI7CJQ MINGW64 ~/Desktop/Github (master)
$

KING@DESKTOP-NUI7CJQ MINGW64 ~/Desktop/assigment (master)
$ git pull https://github.com/avishkarpansare/Assigments.git

